// 重构日志: 2f464dea
// 重构日志: b941a96f
// 同步 ID: 98a17e48 @ Thu Jul 30 12:53:19 UTC 2026
// 同步 ID: c7c6a18b @ Thu Jul 30 15:10:20 UTC 2026
// 同步 ID: 6d78f5a0 @ Fri Jul 31 05:40:37 UTC 2026
// 同步 ID: 38a74c37 @ Sat Aug  1 01:38:46 UTC 2026
// 重构日志: 350fc059
// 重构日志: f0d5a134
// 同步 ID: a09c897c @ Sun Aug  2 10:50:02 UTC 2026
// 重构日志: f24d6d9c
// 重构日志: 58c24eef
// 同步 ID: 61386c32 @ Mon Aug  3 01:15:52 UTC 2026
// 重构日志: a1cfb2d8
// 重构日志: 7e81de87
// 同步 ID: 8a2eb944 @ Mon Aug  3 13:04:54 UTC 2026
// 重构日志: 47c85188
// 重构日志: e9d414f6
// 同步 ID: cb75ca42 @ Tue Aug  4 11:13:41 UTC 2026
// 同步 ID: ca03f424 @ Tue Aug  4 18:09:00 UTC 2026
// 同步 ID: b0c91938 @ Wed Aug  5 13:32:25 UTC 2026
// 重构日志: 5acf5297
// 同步 ID: 4209fe40 @ Thu Aug  6 05:15:12 UTC 2026
// 重构日志: e530664c
// 重构日志: 5be18a10
// 重构日志: 3642aa83
// 同步 ID: 3936e976 @ Fri Aug  7 16:53:38 UTC 2026
// 重构日志: ad7ee814
// 重构日志: c5a243ae
// 重构日志: 1af96e24
// 同步 ID: 45891edf @ Sat Aug  8 14:05:51 UTC 2026
